[promopay.site/tkt/index.html]
[cdn.utmify.com.br/scripts/pixel/pixel.js]
[backblue.gif]
[fade.gif]
[index.html]
[cdn.utmify.com.br/scripts/utms/latest.js]
[promopay.site/tkt/feed/index.html]
[promopay.site/tkt/js/fbevents.js]
[promopay.site/tkt/comments/feed/index.4.delayed]
[promopay.site/tkt/css/style.mindeae.css]
[promopay.site/tkt/css/theme.mindeae.css]
[promopay.site/tkt/css/header-footer.mindeae.css]
[promopay.site/tkt/css/frontend.min7ac2.css]
[promopay.site/tkt/css/post-53830.css]
[promopay.site/tkt/css/elementor-icons.min705c.css]
[promopay.site/tkt/css/widget-heading.min7ac2.css]
[promopay.site/tkt/css/widget-form.min9e35.css]
[promopay.site/tkt/css/widget-divider.min7ac2.css]
[promopay.site/tkt/css/widget-text-editor.min7ac2.css]
[promopay.site/tkt/css/post-41401bf.css]
[promopay.site/tkt/css/general.min42c6.css]
[promopay.site/tkt/js/jquery.minf43b.js]
[promopay.site/tkt/js/jquery-migrate.min5589.js]
[promopay.site/tkt/wp-json/index.html]
[promopay.site/tkt/wp-json/wp/v2/pages/414.json]
[promopay.site/tkt/xmlrpc0db00db0.php]
[promopay.site/tkt/index-2.html]
[promopay.site/tkt/wp-json/oembed/1.0/embedfd44fd44.json]
[promopay.site/tkt/wp-json/oembed/1.0/embed49f049f0]
[promopay.site/cdn.utmify.com.br/scripts/utms/latest.js]
[promopay.site/tkt/images/cropped-622e383d-a968-4ce6-8efa-0d2d91fc9977-gif-tiktok-e1735776294167-32x32.webp]
[promopay.site/tkt/images/cropped-622e383d-a968-4ce6-8efa-0d2d91fc9977-gif-tiktok-e1735776294167-192x192.webp]
[promopay.site/tkt/images/cropped-622e383d-a968-4ce6-8efa-0d2d91fc9977-gif-tiktok-e1735776294167-180x180.webp]
[promopay.site/tkt/js/wp-emoji-release.min.js]
[promopay.site/tkt/tiktok1/index.html]
[promopay.site/tkt/js/hello-frontend.mindeae.js]
[promopay.site/tkt/js/general.min42c6.js]
[promopay.site/tkt/js/webpack-pro.runtime.min9e35.js]
[promopay.site/tkt/js/webpack.runtime.min7ac2.js]
[promopay.site/tkt/js/frontend-modules.min7ac2.js]
[promopay.site/tkt/js/hooks.min4fdd.js]
[promopay.site/tkt/js/i18n.minc33c.js]
[promopay.site/tkt/js/frontend.min9e35.js]
[promopay.site/tkt/js/core.minb37e.js]
[promopay.site/tkt/js/frontend.min7ac2.js]
[promopay.site/tkt/js/elements-handlers.min9e35.js]
[promopay.site/tkt/index.html]
[promopay.site/tkt/feed/index.html]
[promopay.site/tkt/a]
[promopay.site/tkt/POST]
[promopay.site/tkt/b.resolvedLink]
[promopay.site/signals/iwl.js]
[promopay.site/tkt/js/fbevents.js]
[promopay.site/tkt/comments/feed/index.html]
[promopay.site/tkt/css/style.mindeae.css]
[promopay.site/tkt/css/theme.mindeae.css]
[promopay.site/tkt/css/header-footer.mindeae.css]
[promopay.site/tkt/css/frontend.min7ac2.css]
[promopay.site/tkt/css/post-53830.css]
[promopay.site/tkt/schema.org/index.html]
[promopay.site/tkt/fonts/eiconsa7eb.woff2]
[promopay.site/tkt/fonts/eiconsa7eb.eot]
[promopay.site/tkt/fonts/eiconsa7eb.woff]
[promopay.site/tkt/fonts/eiconsa7eb.ttf]
[promopay.site/tkt/css/elementor-icons.min705c.css]
[promopay.site/tkt/css/widget-heading.min7ac2.css]
[promopay.site/tkt/css/widget-form.min9e35.css]
[promopay.site/tkt/css/widget-divider.min7ac2.css]
[promopay.site/tkt/css/widget-text-editor.min7ac2.css]
[promopay.site/tkt/css/post-41401bf.css]
[promopay.site/tkt/css/general.min42c6.css]
[promopay.site/tkt/js/jquery.minf43b.js]
[promopay.site/tkt/js/jquery-migrate.min5589.js]
[promopay.site/tkt/wp-json/index.html]
[promopay.site/tkt/wp-json/wp/v2/pages/414.html]
[promopay.site/tkt/xmlrpc0db00db0.html]
[promopay.site/tkt/index-2.html]
[promopay.site/tkt/wp-json/oembed/1.0/embedfd44fd44.html]
[promopay.site/tkt/wp-json/oembed/1.0/embed49f049f0.html]
[promopay.site/cdn.utmify.com.br/scripts/utms/latest.html]
[promopay.site/tkt/js/wp-emoji-release.min.js]
[promopay.site/tkt/images/eiconsa7eb.svg]
[promopay.site/tkt/tiktok1/css/style.mindeae.css]
[promopay.site/tkt/tiktok1/css/theme.mindeae.css]
[promopay.site/tkt/tiktok1/css/header-footer.mindeae.css]
[promopay.site/tkt/tiktok1/css/frontend.min7ac2.css]
[promopay.site/tkt/tiktok1/css/post-53830.css]
[promopay.site/tkt/tiktok1/css/elementor-icons.min705c.css]
[promopay.site/tkt/tiktok1/css/widget-counter.min7ac2.css]
[promopay.site/tkt/tiktok1/css/widget-heading.min7ac2.css]
[promopay.site/tkt/tiktok1/css/widget-divider.min7ac2.css]
[promopay.site/tkt/tiktok1/css/widget-progress.min7ac2.css]
[promopay.site/tkt/tiktok1/css/widget-text-editor.min7ac2.css]
[promopay.site/tkt/tiktok1/css/post-135ee81.css]
[promopay.site/tkt/tiktok1/css/general.min42c6.css]
[promopay.site/tkt/tiktok1/js/jquery.minf43b.js]
[promopay.site/tkt/wp-json/wp/v2/pages/135.json]
[promopay.site/tkt/tiktok1/js/jquery-migrate.min5589.js]
[promopay.site/tkt/index86fa86fa.html]
[promopay.site/tkt/wp-json/oembed/1.0/embedfcd1fcd1.json]
[promopay.site/tkt/wp-json/oembed/1.0/embed39893989]
[promopay.site/tkt/tiktok1/images/cropped-622e383d-a968-4ce6-8efa-0d2d91fc9977-gif-tiktok-e1735776294167-32x32.webp]
[promopay.site/tkt/tiktok1/images/cropped-622e383d-a968-4ce6-8efa-0d2d91fc9977-gif-tiktok-e1735776294167-192x192.webp]
[promopay.site/tkt/tiktok1/images/cropped-622e383d-a968-4ce6-8efa-0d2d91fc9977-gif-tiktok-e1735776294167-180x180.webp]
[promopay.site/tkt/tiktok1/js/wp-emoji-release.min.js]
[promopay.site/tkt/tiktok2/index.html]
[promopay.site/cdn.jsdelivr.net/npm/tsparticles-confetti@2.9.3/tsparticles.confetti.bundle.min.js]
[promopay.site/tkt/venda/cash.html]
[promopay.site/tkt/tiktok1/js/hello-frontend.mindeae.js]
[promopay.site/tkt/tiktok1/js/jquery-numerator.min3958.js]
[promopay.site/tkt/tiktok1/js/general.min42c6.js]
[promopay.site/tkt/tiktok1/js/webpack-pro.runtime.min9e35.js]
[promopay.site/tkt/tiktok1/js/webpack.runtime.min7ac2.js]
[promopay.site/tkt/tiktok1/js/frontend-modules.min7ac2.js]
[promopay.site/tkt/tiktok1/js/hooks.min4fdd.js]
[promopay.site/tkt/tiktok1/js/i18n.minc33c.js]
[promopay.site/tkt/tiktok1/js/frontend.min9e35.js]
[promopay.site/tkt/tiktok1/js/core.minb37e.js]
[promopay.site/tkt/tiktok1/js/frontend.min7ac2.js]
[promopay.site/tkt/tiktok1/js/elements-handlers.min9e35.js]
[promopay.site/tkt/tiktok1/index.html]
[promopay.site/tkt/js/hello-frontend.mindeae.js]
[promopay.site/tkt/e.html]
[promopay.site/tkt/js/general.min42c6.js]
[promopay.site/tkt/js/webpack-pro.runtime.min9e35.js]
[promopay.site/tkt/js/webpack.runtime.min7ac2.js]
[promopay.site/tkt/js/frontend-modules.min7ac2.js]
[promopay.site/tkt/js/hooks.min4fdd.js]
[promopay.site/tkt/js/i18n.minc33c.js]
[promopay.site/tkt/js/frontend.min9e35.js]
[promopay.site/tkt/js/core.minb37e.js]
[promopay.site/tkt/-negative.html]
[promopay.site/tkt/OPR/index.html]
[promopay.site/tkt/js/frontend.min7ac2.js]
[promopay.site/tkt/window.location.html]
[promopay.site/tkt/js/elements-handlers.min9e35.js]
[promopay.site/tkt/a.html]
[promopay.site/tkt/POST.html]
[promopay.site/tkt/schema.org/index.html]
[promopay.site/tkt/b.html]
[promopay.site/signals/iwl.html]
[promopay.site/tkt/images/eiconsa7eb.svg]
[promopay.site/tkt/tiktok1/css/style.mindeae.css]
[promopay.site/tkt/tiktok1/css/theme.mindeae.css]
[promopay.site/tkt/tiktok1/css/header-footer.mindeae.css]
[promopay.site/tkt/tiktok1/css/frontend.min7ac2.css]
[promopay.site/tkt/tiktok1/css/post-53830.css]
[promopay.site/tkt/tiktok1/fonts/eiconsa7eb.eot]
[promopay.site/tkt/tiktok1/fonts/eiconsa7eb.woff2]
[promopay.site/tkt/tiktok1/fonts/eiconsa7eb.woff]
[promopay.site/tkt/tiktok1/fonts/eiconsa7eb.ttf]
[promopay.site/tkt/tiktok1/css/elementor-icons.min705c.css]
[promopay.site/tkt/tiktok1/css/widget-counter.min7ac2.css]
[promopay.site/tkt/tiktok1/css/widget-heading.min7ac2.css]
[promopay.site/tkt/tiktok1/css/widget-divider.min7ac2.css]
[promopay.site/tkt/tiktok1/css/widget-progress.min7ac2.css]
[promopay.site/tkt/tiktok1/css/widget-text-editor.min7ac2.css]
[promopay.site/tkt/tiktok1/css/post-135ee81.css]
[promopay.site/tkt/tiktok1/css/general.min42c6.css]
[promopay.site/tkt/tiktok1/js/jquery.minf43b.js]
[promopay.site/tkt/tiktok1/js/jquery-migrate.min5589.js]
[promopay.site/tkt/wp-json/wp/v2/pages/135.html]
[promopay.site/tkt/index86fa86fa.html]
[promopay.site/tkt/wp-json/oembed/1.0/embedfcd1fcd1.html]
[promopay.site/tkt/wp-json/oembed/1.0/embed39893989.html]
[promopay.site/tkt/tiktok1/js/wp-emoji-release.min.js]
[promopay.site/tkt/tiktok1/images/eiconsa7eb.svg]
[promopay.site/tkt/tiktok2/css/style.mindeae.css]
[promopay.site/tkt/tiktok2/css/theme.mindeae.css]
[promopay.site/tkt/tiktok2/css/header-footer.mindeae.css]
[promopay.site/tkt/tiktok2/css/frontend.min7ac2.css]
[promopay.site/tkt/tiktok2/css/post-53830.css]
[promopay.site/tkt/tiktok2/css/elementor-icons.min705c.css]
[promopay.site/tkt/tiktok2/css/widget-counter.min7ac2.css]
[promopay.site/tkt/tiktok2/css/widget-heading.min7ac2.css]
[promopay.site/tkt/tiktok2/css/widget-divider.min7ac2.css]
[promopay.site/tkt/tiktok2/css/widget-progress.min7ac2.css]
[promopay.site/tkt/tiktok2/css/widget-text-editor.min7ac2.css]
[promopay.site/tkt/tiktok2/css/post-892e334.css]
[promopay.site/tkt/tiktok2/css/general.min42c6.css]
[promopay.site/tkt/tiktok2/js/jquery.minf43b.js]
[promopay.site/tkt/tiktok2/js/jquery-migrate.min5589.js]
[promopay.site/tkt/wp-json/wp/v2/pages/892.json]
[promopay.site/tkt/index2b622b62.html]
[promopay.site/tkt/wp-json/oembed/1.0/embeddbd4dbd4.json]
[promopay.site/tkt/wp-json/oembed/1.0/embed4c6c4c6c]
[promopay.site/tkt/tiktok2/images/cropped-622e383d-a968-4ce6-8efa-0d2d91fc9977-gif-tiktok-e1735776294167-32x32.webp]
[promopay.site/tkt/tiktok2/images/cropped-622e383d-a968-4ce6-8efa-0d2d91fc9977-gif-tiktok-e1735776294167-192x192.webp]
[promopay.site/tkt/tiktok2/images/cropped-622e383d-a968-4ce6-8efa-0d2d91fc9977-gif-tiktok-e1735776294167-180x180.webp]
[promopay.site/tkt/tiktok2/js/wp-emoji-release.min.js]
[promopay.site/tkt/tiktok3/index.html]
[promopay.site/tkt/tiktok2/js/hello-frontend.mindeae.js]
[promopay.site/tkt/tiktok2/js/jquery-numerator.min3958.js]
[promopay.site/tkt/tiktok2/js/general.min42c6.js]
[promopay.site/tkt/tiktok2/js/webpack-pro.runtime.min9e35.js]
[promopay.site/tkt/tiktok2/js/webpack.runtime.min7ac2.js]
[promopay.site/tkt/tiktok2/js/frontend-modules.min7ac2.js]
[promopay.site/tkt/tiktok2/js/hooks.min4fdd.js]
[promopay.site/tkt/tiktok2/js/i18n.minc33c.js]
[promopay.site/tkt/tiktok2/js/frontend.min9e35.js]
[promopay.site/tkt/tiktok2/js/core.minb37e.js]
[promopay.site/tkt/tiktok2/js/frontend.min7ac2.js]
[promopay.site/tkt/tiktok2/js/elements-handlers.min9e35.js]
[promopay.site/tkt/tiktok2/index.html]
[promopay.site/cdn.jsdelivr.net/npm/tsparticles-confetti@2.9.3/tsparticles.confetti.bundle.min.html]
[promopay.site/tkt/venda/cash.html]
[promopay.site/tkt/tiktok1/js/hello-frontend.mindeae.js]
[promopay.site/tkt/tiktok1/js/jquery-numerator.min3958.js]
[promopay.site/tkt/tiktok1/e.html]
[promopay.site/tkt/tiktok1/js/general.min42c6.js]
[promopay.site/tkt/tiktok1/js/webpack-pro.runtime.min9e35.js]
[promopay.site/tkt/tiktok1/js/webpack.runtime.min7ac2.js]
[promopay.site/tkt/tiktok1/js/frontend-modules.min7ac2.js]
[promopay.site/tkt/tiktok1/js/hooks.min4fdd.js]
[promopay.site/tkt/tiktok1/js/i18n.minc33c.js]
[promopay.site/tkt/tiktok1/js/frontend.min9e35.js]
[promopay.site/tkt/tiktok1/js/core.minb37e.js]
[promopay.site/tkt/tiktok1/-negative.html]
[promopay.site/tkt/tiktok1/OPR/index.html]
[promopay.site/tkt/tiktok1/js/frontend.min7ac2.js]
[promopay.site/tkt/tiktok1/window.location.89.delayed]
[promopay.site/tkt/tiktok1/js/elements-handlers.min9e35.js]
[promopay.site/tkt/e.html]
[promopay.site/tkt/-negative.html]
[promopay.site/tkt/OPR/index.html]
[promopay.site/tkt/window.location.html]
[promopay.site/tkt/tiktok1/images/eiconsa7eb.svg]
[promopay.site/tkt/tiktok2/css/style.mindeae.css]
[promopay.site/tkt/tiktok2/css/theme.mindeae.css]
[promopay.site/tkt/tiktok2/css/header-footer.mindeae.css]
[promopay.site/tkt/tiktok2/css/frontend.min7ac2.css]
[promopay.site/tkt/tiktok2/css/post-53830.css]
[promopay.site/tkt/tiktok2/fonts/eiconsa7eb.eot]
[promopay.site/tkt/tiktok2/fonts/eiconsa7eb.woff2]
[promopay.site/tkt/tiktok2/fonts/eiconsa7eb.woff]
[promopay.site/tkt/tiktok2/css/elementor-icons.min705c.css]
[promopay.site/tkt/tiktok2/fonts/eiconsa7eb.ttf]
[promopay.site/tkt/tiktok2/css/widget-counter.min7ac2.css]
[promopay.site/tkt/tiktok2/css/widget-heading.min7ac2.css]
[promopay.site/tkt/tiktok2/css/widget-divider.min7ac2.css]
[promopay.site/tkt/tiktok2/css/widget-progress.min7ac2.css]
[promopay.site/tkt/tiktok2/css/widget-text-editor.min7ac2.css]
[promopay.site/tkt/tiktok2/css/post-892e334.css]
[promopay.site/tkt/tiktok2/css/general.min42c6.css]
[promopay.site/tkt/tiktok2/js/jquery.minf43b.js]
[promopay.site/tkt/tiktok2/js/jquery-migrate.min5589.js]
[promopay.site/tkt/wp-json/wp/v2/pages/892.html]
[promopay.site/tkt/index2b622b62.html]
[promopay.site/tkt/wp-json/oembed/1.0/embeddbd4dbd4.html]
[promopay.site/tkt/wp-json/oembed/1.0/embed4c6c4c6c.html]
[promopay.site/tkt/tiktok2/js/wp-emoji-release.min.js]
[promopay.site/tkt/tiktok3/css/style.mindeae.css]
[promopay.site/tkt/tiktok2/images/eiconsa7eb.svg]
[promopay.site/tkt/tiktok3/css/theme.mindeae.css]
[promopay.site/tkt/tiktok3/css/header-footer.mindeae.css]
[promopay.site/tkt/tiktok3/css/frontend.min7ac2.css]
[promopay.site/tkt/tiktok3/css/post-53830.css]
[promopay.site/tkt/tiktok3/css/elementor-icons.min705c.css]
[promopay.site/tkt/tiktok3/css/widget-counter.min7ac2.css]
[promopay.site/tkt/tiktok3/css/widget-heading.min7ac2.css]
[promopay.site/tkt/tiktok3/css/widget-divider.min7ac2.css]
[promopay.site/tkt/tiktok3/css/widget-progress.min7ac2.css]
[promopay.site/tkt/tiktok3/css/widget-text-editor.min7ac2.css]
[promopay.site/tkt/tiktok3/css/post-906bbad.css]
[promopay.site/tkt/tiktok3/css/general.min42c6.css]
[promopay.site/tkt/tiktok3/js/jquery.minf43b.js]
[promopay.site/tkt/tiktok3/js/jquery-migrate.min5589.js]
[promopay.site/tkt/wp-json/wp/v2/pages/906.json]
[promopay.site/tkt/indexea3eea3e.html]
[promopay.site/tkt/wp-json/oembed/1.0/embed949e949e.json]
[promopay.site/tkt/wp-json/oembed/1.0/embed0d6d0d6d]
[promopay.site/tkt/tiktok3/images/cropped-622e383d-a968-4ce6-8efa-0d2d91fc9977-gif-tiktok-e1735776294167-32x32.webp]
[promopay.site/tkt/tiktok3/images/cropped-622e383d-a968-4ce6-8efa-0d2d91fc9977-gif-tiktok-e1735776294167-192x192.webp]
[promopay.site/tkt/tiktok3/images/cropped-622e383d-a968-4ce6-8efa-0d2d91fc9977-gif-tiktok-e1735776294167-180x180.webp]
[promopay.site/tkt/tiktok3/js/wp-emoji-release.min.js]
[promopay.site/tkt/tiktok4/index.html]
[promopay.site/tkt/tiktok3/js/hello-frontend.mindeae.js]
[promopay.site/tkt/tiktok3/js/jquery-numerator.min3958.js]
[promopay.site/tkt/tiktok3/js/general.min42c6.js]
[promopay.site/tkt/tiktok3/js/webpack-pro.runtime.min9e35.js]
[promopay.site/tkt/tiktok3/js/webpack.runtime.min7ac2.js]
[promopay.site/tkt/tiktok3/js/frontend-modules.min7ac2.js]
[promopay.site/tkt/tiktok3/js/hooks.min4fdd.js]
[promopay.site/tkt/tiktok3/js/i18n.minc33c.js]
[promopay.site/tkt/tiktok3/js/frontend.min9e35.js]
[promopay.site/tkt/tiktok3/js/core.minb37e.js]
[promopay.site/tkt/tiktok3/js/frontend.min7ac2.js]
[promopay.site/tkt/tiktok3/js/elements-handlers.min9e35.js]
[promopay.site/tkt/tiktok3/index.html]
[promopay.site/tkt/tiktok2/js/hello-frontend.mindeae.js]
[promopay.site/tkt/tiktok2/js/jquery-numerator.min3958.js]
[promopay.site/tkt/tiktok2/e.html]
[promopay.site/tkt/tiktok2/js/general.min42c6.js]
[promopay.site/tkt/tiktok2/js/webpack-pro.runtime.min9e35.js]
[promopay.site/tkt/tiktok2/js/webpack.runtime.min7ac2.js]
[promopay.site/tkt/tiktok2/js/frontend-modules.min7ac2.js]
[promopay.site/tkt/tiktok2/js/hooks.min4fdd.js]
[promopay.site/tkt/tiktok2/js/i18n.minc33c.js]
[promopay.site/tkt/tiktok2/js/frontend.min9e35.js]
[promopay.site/tkt/tiktok2/js/core.minb37e.js]
[promopay.site/tkt/tiktok2/-negative.html]
[promopay.site/tkt/tiktok2/OPR/index.html]
[promopay.site/tkt/tiktok2/js/frontend.min7ac2.js]
[promopay.site/tkt/tiktok2/window.location.html]
[promopay.site/tkt/tiktok2/js/elements-handlers.min9e35.js]
[promopay.site/tkt/tiktok1/e.html]
[promopay.site/tkt/tiktok1/-negative.html]
[promopay.site/tkt/tiktok1/OPR/index.html]
[promopay.site/tkt/tiktok1/window.location.html]
[promopay.site/tkt/tiktok2/images/eiconsa7eb.svg]
[promopay.site/tkt/tiktok3/css/style.mindeae.css]
[promopay.site/tkt/tiktok3/css/theme.mindeae.css]
[promopay.site/tkt/tiktok3/css/header-footer.mindeae.css]
[promopay.site/tkt/tiktok3/css/frontend.min7ac2.css]
[promopay.site/tkt/tiktok3/css/post-53830.css]
[promopay.site/tkt/tiktok3/fonts/eiconsa7eb.eot]
[promopay.site/tkt/tiktok3/fonts/eiconsa7eb.woff2]
[promopay.site/tkt/tiktok3/fonts/eiconsa7eb.woff]
[promopay.site/tkt/tiktok3/fonts/eiconsa7eb.ttf]
[promopay.site/tkt/tiktok3/css/elementor-icons.min705c.css]
[promopay.site/tkt/tiktok3/css/widget-counter.min7ac2.css]
[promopay.site/tkt/tiktok3/css/widget-heading.min7ac2.css]
[promopay.site/tkt/tiktok3/css/widget-divider.min7ac2.css]
[promopay.site/tkt/tiktok3/css/widget-progress.min7ac2.css]
[promopay.site/tkt/tiktok3/css/widget-text-editor.min7ac2.css]
[promopay.site/tkt/tiktok3/css/post-906bbad.css]
[promopay.site/tkt/tiktok3/css/general.min42c6.css]
[promopay.site/tkt/tiktok3/js/jquery.minf43b.js]
[promopay.site/tkt/tiktok3/js/jquery-migrate.min5589.js]
[promopay.site/tkt/wp-json/wp/v2/pages/906.html]
[promopay.site/tkt/indexea3eea3e.html]
[promopay.site/tkt/wp-json/oembed/1.0/embed949e949e.html]
[promopay.site/tkt/wp-json/oembed/1.0/embed0d6d0d6d.html]
[promopay.site/tkt/tiktok3/js/wp-emoji-release.min.js]
[promopay.site/tkt/tiktok3/images/eiconsa7eb.svg]
[promopay.site/tkt/tiktok4/css/style.mindeae.css]
[promopay.site/tkt/tiktok4/css/theme.mindeae.css]
[promopay.site/tkt/tiktok4/css/header-footer.mindeae.css]
[promopay.site/tkt/tiktok4/css/frontend.min7ac2.css]
[promopay.site/tkt/tiktok4/css/post-53830.css]
[promopay.site/tkt/tiktok4/css/elementor-icons.min705c.css]
[promopay.site/tkt/tiktok4/css/widget-counter.min7ac2.css]
[promopay.site/tkt/tiktok4/css/widget-heading.min7ac2.css]
[promopay.site/tkt/tiktok4/css/widget-divider.min7ac2.css]
[promopay.site/tkt/tiktok4/css/widget-progress.min7ac2.css]
[promopay.site/tkt/tiktok4/css/widget-text-editor.min7ac2.css]
[promopay.site/tkt/tiktok4/css/post-91714a3.css]
[promopay.site/tkt/tiktok4/css/general.min42c6.css]
[promopay.site/tkt/tiktok4/js/jquery.minf43b.js]
[promopay.site/tkt/tiktok4/js/jquery-migrate.min5589.js]
[promopay.site/tkt/wp-json/wp/v2/pages/917.json]
[promopay.site/tkt/index41814181.html]
[promopay.site/tkt/wp-json/oembed/1.0/embeddb38db38.json]
[promopay.site/tkt/wp-json/oembed/1.0/embed51525152]
[promopay.site/tkt/tiktok4/images/cropped-622e383d-a968-4ce6-8efa-0d2d91fc9977-gif-tiktok-e1735776294167-32x32.webp]
[promopay.site/tkt/tiktok4/images/cropped-622e383d-a968-4ce6-8efa-0d2d91fc9977-gif-tiktok-e1735776294167-192x192.webp]
[promopay.site/tkt/tiktok4/images/cropped-622e383d-a968-4ce6-8efa-0d2d91fc9977-gif-tiktok-e1735776294167-180x180.webp]
[promopay.site/tkt/tiktok4/js/wp-emoji-release.min.js]
[promopay.site/tkt/tiktok5/index.html]
[promopay.site/tkt/tiktok4/js/hello-frontend.mindeae.js]
[promopay.site/tkt/tiktok4/js/jquery-numerator.min3958.js]
[promopay.site/tkt/tiktok4/js/general.min42c6.js]
[promopay.site/tkt/tiktok4/js/webpack-pro.runtime.min9e35.js]
[promopay.site/tkt/tiktok4/js/webpack.runtime.min7ac2.js]
[promopay.site/tkt/tiktok4/js/frontend-modules.min7ac2.js]
[promopay.site/tkt/tiktok4/js/hooks.min4fdd.js]
[promopay.site/tkt/tiktok4/js/i18n.minc33c.js]
[promopay.site/tkt/tiktok4/js/frontend.min9e35.js]
[promopay.site/tkt/tiktok4/js/core.minb37e.js]
[promopay.site/tkt/tiktok4/js/frontend.min7ac2.js]
[promopay.site/tkt/tiktok4/js/elements-handlers.min9e35.js]
[promopay.site/tkt/tiktok4/index.html]
[promopay.site/tkt/tiktok3/js/hello-frontend.mindeae.js]
[promopay.site/tkt/tiktok3/js/jquery-numerator.min3958.js]
[promopay.site/tkt/tiktok3/e.html]
[promopay.site/tkt/tiktok3/js/general.min42c6.js]
[promopay.site/tkt/tiktok3/js/webpack-pro.runtime.min9e35.js]
[promopay.site/tkt/tiktok3/js/webpack.runtime.min7ac2.js]
[promopay.site/tkt/tiktok3/js/frontend-modules.min7ac2.js]
[promopay.site/tkt/tiktok3/js/hooks.min4fdd.js]
[promopay.site/tkt/tiktok3/js/i18n.minc33c.js]
[promopay.site/tkt/tiktok3/js/frontend.min9e35.js]
[promopay.site/tkt/tiktok3/js/core.minb37e.js]
[promopay.site/tkt/tiktok3/-negative.html]
[promopay.site/tkt/tiktok3/OPR/index.html]
[promopay.site/tkt/tiktok3/js/frontend.min7ac2.js]
[promopay.site/tkt/tiktok3/window.location.html]
[promopay.site/tkt/tiktok3/js/elements-handlers.min9e35.js]
[promopay.site/tkt/tiktok2/e.html]
[promopay.site/tkt/tiktok2/-negative.html]
[promopay.site/tkt/tiktok2/OPR/index.html]
[promopay.site/tkt/tiktok2/window.location.html]
[promopay.site/tkt/tiktok3/images/eiconsa7eb.svg]
[promopay.site/tkt/tiktok4/css/style.mindeae.css]
[promopay.site/tkt/tiktok4/css/theme.mindeae.css]
[promopay.site/tkt/tiktok4/css/header-footer.mindeae.css]
[promopay.site/tkt/tiktok4/css/frontend.min7ac2.css]
[promopay.site/tkt/tiktok4/css/post-53830.css]
[promopay.site/tkt/tiktok4/fonts/eiconsa7eb.eot]
[promopay.site/tkt/tiktok4/fonts/eiconsa7eb.woff2]
[promopay.site/tkt/tiktok4/fonts/eiconsa7eb.woff]
[promopay.site/tkt/tiktok4/fonts/eiconsa7eb.ttf]
[promopay.site/tkt/tiktok4/css/elementor-icons.min705c.css]
[promopay.site/tkt/tiktok4/css/widget-counter.min7ac2.css]
[promopay.site/tkt/tiktok4/css/widget-heading.min7ac2.css]
[promopay.site/tkt/tiktok4/css/widget-divider.min7ac2.css]
[promopay.site/tkt/tiktok4/css/widget-progress.min7ac2.css]
[promopay.site/tkt/tiktok4/css/widget-text-editor.min7ac2.css]
[promopay.site/tkt/tiktok4/css/post-91714a3.css]
[promopay.site/tkt/tiktok4/css/general.min42c6.css]
[promopay.site/tkt/tiktok4/js/jquery.minf43b.js]
[promopay.site/tkt/tiktok4/js/jquery-migrate.min5589.js]
[promopay.site/tkt/wp-json/wp/v2/pages/917.html]
[promopay.site/tkt/index41814181.html]
[promopay.site/tkt/wp-json/oembed/1.0/embeddb38db38.html]
[promopay.site/tkt/wp-json/oembed/1.0/embed51525152.html]
[promopay.site/tkt/tiktok4/js/wp-emoji-release.min.js]
[promopay.site/tkt/tiktok4/images/eiconsa7eb.svg]
[promopay.site/tkt/tiktok5/css/style.mindeae.css]
[promopay.site/tkt/tiktok5/css/theme.mindeae.css]
[promopay.site/tkt/tiktok5/css/header-footer.mindeae.css]
[promopay.site/tkt/tiktok5/css/frontend.min7ac2.css]
[promopay.site/tkt/tiktok5/css/post-53830.css]
[promopay.site/tkt/tiktok5/css/elementor-icons.min705c.css]
[promopay.site/tkt/tiktok5/css/widget-counter.min7ac2.css]
[promopay.site/tkt/tiktok5/css/widget-heading.min7ac2.css]
[promopay.site/tkt/tiktok5/css/widget-divider.min7ac2.css]
[promopay.site/tkt/tiktok5/css/widget-progress.min7ac2.css]
[promopay.site/tkt/tiktok5/css/widget-text-editor.min7ac2.css]
[promopay.site/tkt/tiktok5/css/post-925d11a.css]
[promopay.site/tkt/tiktok5/css/general.min42c6.css]
[promopay.site/tkt/tiktok5/js/jquery.minf43b.js]
[promopay.site/tkt/tiktok5/js/jquery-migrate.min5589.js]
[promopay.site/tkt/wp-json/wp/v2/pages/925.json]
[promopay.site/tkt/indexd0d3d0d3.html]
[promopay.site/tkt/wp-json/oembed/1.0/embed1c211c21.json]
[promopay.site/tkt/wp-json/oembed/1.0/embed90509050]
[promopay.site/tkt/tiktok5/images/cropped-622e383d-a968-4ce6-8efa-0d2d91fc9977-gif-tiktok-e1735776294167-32x32.webp]
[promopay.site/tkt/tiktok5/images/cropped-622e383d-a968-4ce6-8efa-0d2d91fc9977-gif-tiktok-e1735776294167-192x192.webp]
[promopay.site/tkt/tiktok5/images/cropped-622e383d-a968-4ce6-8efa-0d2d91fc9977-gif-tiktok-e1735776294167-180x180.webp]
[promopay.site/tkt/tiktok5/js/wp-emoji-release.min.js]
[promopay.site/tkt/tiktok6/index.html]
[promopay.site/tkt/tiktok5/js/hello-frontend.mindeae.js]
[promopay.site/tkt/tiktok5/js/jquery-numerator.min3958.js]
[promopay.site/tkt/tiktok5/js/general.min42c6.js]
[promopay.site/tkt/tiktok5/js/webpack-pro.runtime.min9e35.js]
[promopay.site/tkt/tiktok5/js/webpack.runtime.min7ac2.js]
[promopay.site/tkt/tiktok5/js/frontend-modules.min7ac2.js]
[promopay.site/tkt/tiktok5/js/hooks.min4fdd.js]
[promopay.site/tkt/tiktok5/js/i18n.minc33c.js]
[promopay.site/tkt/tiktok5/js/frontend.min9e35.js]
[promopay.site/tkt/tiktok5/js/core.minb37e.js]
[promopay.site/tkt/tiktok5/js/frontend.min7ac2.js]
[promopay.site/tkt/tiktok5/js/elements-handlers.min9e35.js]
[promopay.site/tkt/tiktok5/index.html]
[promopay.site/tkt/tiktok4/js/hello-frontend.mindeae.js]
[promopay.site/tkt/tiktok4/js/jquery-numerator.min3958.js]
[promopay.site/tkt/tiktok4/e.html]
[promopay.site/tkt/tiktok4/js/general.min42c6.js]
[promopay.site/tkt/tiktok4/js/webpack-pro.runtime.min9e35.js]
[promopay.site/tkt/tiktok4/js/webpack.runtime.min7ac2.js]
[promopay.site/tkt/tiktok4/js/frontend-modules.min7ac2.js]
[promopay.site/tkt/tiktok4/js/hooks.min4fdd.js]
[promopay.site/tkt/tiktok4/js/i18n.minc33c.js]
[promopay.site/tkt/tiktok4/js/frontend.min9e35.js]
[promopay.site/tkt/tiktok4/js/core.minb37e.js]
[promopay.site/tkt/tiktok4/-negative.html]
[promopay.site/tkt/tiktok4/OPR/index.html]
[promopay.site/tkt/tiktok4/js/frontend.min7ac2.js]
[promopay.site/tkt/tiktok4/window.location.html]
[promopay.site/tkt/tiktok4/js/elements-handlers.min9e35.js]
[promopay.site/tkt/tiktok3/e.html]
[promopay.site/tkt/tiktok3/-negative.html]
[promopay.site/tkt/tiktok3/OPR/index.html]
[promopay.site/tkt/tiktok3/window.location.html]
[promopay.site/tkt/tiktok4/images/eiconsa7eb.svg]
[promopay.site/tkt/tiktok5/css/style.mindeae.css]
[promopay.site/tkt/tiktok5/css/theme.mindeae.css]
[promopay.site/tkt/tiktok5/css/header-footer.mindeae.css]
[promopay.site/tkt/tiktok5/css/frontend.min7ac2.css]
[promopay.site/tkt/tiktok5/css/post-53830.css]
[promopay.site/tkt/tiktok5/fonts/eiconsa7eb.eot]
[promopay.site/tkt/tiktok5/fonts/eiconsa7eb.woff2]
[promopay.site/tkt/tiktok5/fonts/eiconsa7eb.woff]
[promopay.site/tkt/tiktok5/css/elementor-icons.min705c.css]
[promopay.site/tkt/tiktok5/css/widget-counter.min7ac2.css]
[promopay.site/tkt/tiktok5/css/widget-heading.min7ac2.css]
[promopay.site/tkt/tiktok5/css/widget-divider.min7ac2.css]
[promopay.site/tkt/tiktok5/css/widget-progress.min7ac2.css]
[promopay.site/tkt/tiktok5/css/widget-text-editor.min7ac2.css]
[promopay.site/tkt/tiktok5/css/post-925d11a.css]
[promopay.site/tkt/tiktok5/css/general.min42c6.css]
[promopay.site/tkt/tiktok5/js/jquery.minf43b.js]
[promopay.site/tkt/tiktok5/js/jquery-migrate.min5589.js]
[promopay.site/tkt/wp-json/wp/v2/pages/925.html]
[promopay.site/tkt/indexd0d3d0d3.html]
[promopay.site/tkt/wp-json/oembed/1.0/embed1c211c21.html]
[promopay.site/tkt/wp-json/oembed/1.0/embed90509050.html]
[promopay.site/tkt/tiktok5/fonts/eiconsa7eb.ttf]
[promopay.site/tkt/tiktok5/js/wp-emoji-release.min.js]
[promopay.site/tkt/tiktok5/images/eiconsa7eb.svg]
[promopay.site/tkt/tiktok6/css/style.mindeae.css]
[promopay.site/tkt/tiktok6/css/theme.mindeae.css]
[promopay.site/tkt/tiktok6/css/header-footer.mindeae.css]
[promopay.site/tkt/tiktok6/css/frontend.min7ac2.css]
[promopay.site/tkt/tiktok6/css/post-53830.css]
[promopay.site/tkt/tiktok6/css/elementor-icons.min705c.css]
[promopay.site/tkt/tiktok6/css/widget-counter.min7ac2.css]
[promopay.site/tkt/tiktok6/css/widget-heading.min7ac2.css]
[promopay.site/tkt/tiktok6/css/widget-divider.min7ac2.css]
[promopay.site/tkt/tiktok6/css/widget-progress.min7ac2.css]
[promopay.site/tkt/tiktok6/css/widget-text-editor.min7ac2.css]
[promopay.site/tkt/tiktok6/css/post-9335cd3.css]
[promopay.site/tkt/tiktok6/css/general.min42c6.css]
[promopay.site/tkt/tiktok6/js/jquery.minf43b.js]
[promopay.site/tkt/tiktok6/js/jquery-migrate.min5589.js]
[promopay.site/tkt/wp-json/wp/v2/pages/933.json]
[promopay.site/tkt/indexcf93cf93.html]
[promopay.site/tkt/wp-json/oembed/1.0/embedd9b0d9b0.json]
[promopay.site/tkt/wp-json/oembed/1.0/embeddcbfdcbf]
[promopay.site/tkt/tiktok6/images/cropped-622e383d-a968-4ce6-8efa-0d2d91fc9977-gif-tiktok-e1735776294167-32x32.webp]
[promopay.site/tkt/tiktok6/images/cropped-622e383d-a968-4ce6-8efa-0d2d91fc9977-gif-tiktok-e1735776294167-192x192.webp]
[promopay.site/tkt/tiktok6/images/cropped-622e383d-a968-4ce6-8efa-0d2d91fc9977-gif-tiktok-e1735776294167-180x180.webp]
[promopay.site/tkt/tiktok6/js/wp-emoji-release.min.js]
[promopay.site/tkt/tiktok7/index.html]
[promopay.site/tkt/tiktok6/js/hello-frontend.mindeae.js]
[promopay.site/tkt/tiktok6/js/jquery-numerator.min3958.js]
[promopay.site/tkt/tiktok6/js/general.min42c6.js]
[promopay.site/tkt/tiktok6/js/webpack-pro.runtime.min9e35.js]
[promopay.site/tkt/tiktok6/js/webpack.runtime.min7ac2.js]
[promopay.site/tkt/tiktok6/js/frontend-modules.min7ac2.js]
[promopay.site/tkt/tiktok6/js/hooks.min4fdd.js]
[promopay.site/tkt/tiktok6/js/i18n.minc33c.js]
[promopay.site/tkt/tiktok6/js/frontend.min9e35.js]
[promopay.site/tkt/tiktok6/js/core.minb37e.js]
[promopay.site/tkt/tiktok6/js/frontend.min7ac2.js]
[promopay.site/tkt/tiktok6/index.html]
[promopay.site/tkt/tiktok6/js/elements-handlers.min9e35.js]
[promopay.site/tkt/tiktok5/js/hello-frontend.mindeae.js]
[promopay.site/tkt/tiktok5/js/jquery-numerator.min3958.js]
[promopay.site/tkt/tiktok5/e.html]
[promopay.site/tkt/tiktok5/js/general.min42c6.js]
[promopay.site/tkt/tiktok5/js/webpack-pro.runtime.min9e35.js]
[promopay.site/tkt/tiktok5/js/webpack.runtime.min7ac2.js]
[promopay.site/tkt/tiktok5/js/frontend-modules.min7ac2.js]
[promopay.site/tkt/tiktok5/js/hooks.min4fdd.js]
[promopay.site/tkt/tiktok5/js/i18n.minc33c.js]
[promopay.site/tkt/tiktok5/js/frontend.min9e35.js]
[promopay.site/tkt/tiktok5/js/core.minb37e.js]
[promopay.site/tkt/tiktok5/-negative.html]
[promopay.site/tkt/tiktok5/OPR/index.html]
[promopay.site/tkt/tiktok5/js/frontend.min7ac2.js]
[promopay.site/tkt/tiktok5/window.location.html]
[promopay.site/tkt/tiktok5/js/elements-handlers.min9e35.js]
[promopay.site/tkt/tiktok4/e.html]
[promopay.site/tkt/tiktok4/-negative.html]
[promopay.site/tkt/tiktok4/OPR/index.html]
[promopay.site/tkt/tiktok4/window.location.html]
[promopay.site/tkt/tiktok5/images/eiconsa7eb.svg]
[promopay.site/tkt/tiktok6/css/style.mindeae.css]
[promopay.site/tkt/tiktok6/css/theme.mindeae.css]
[promopay.site/tkt/tiktok6/css/header-footer.mindeae.css]
[promopay.site/tkt/tiktok6/css/frontend.min7ac2.css]
[promopay.site/tkt/tiktok6/css/post-53830.css]
[promopay.site/tkt/tiktok6/fonts/eiconsa7eb.eot]
[promopay.site/tkt/tiktok6/fonts/eiconsa7eb.woff2]
[promopay.site/tkt/tiktok6/fonts/eiconsa7eb.woff]
[promopay.site/tkt/tiktok6/fonts/eiconsa7eb.ttf]
[promopay.site/tkt/tiktok6/css/elementor-icons.min705c.css]
[promopay.site/tkt/tiktok6/css/widget-counter.min7ac2.css]
[promopay.site/tkt/tiktok6/css/widget-heading.min7ac2.css]
[promopay.site/tkt/tiktok6/css/widget-divider.min7ac2.css]
[promopay.site/tkt/tiktok6/css/widget-progress.min7ac2.css]
[promopay.site/tkt/tiktok6/css/widget-text-editor.min7ac2.css]
[promopay.site/tkt/tiktok6/css/post-9335cd3.css]
[promopay.site/tkt/tiktok6/css/general.min42c6.css]
[promopay.site/tkt/tiktok6/js/jquery.minf43b.js]
[promopay.site/tkt/tiktok6/js/jquery-migrate.min5589.js]
[promopay.site/tkt/wp-json/wp/v2/pages/933.html]
[promopay.site/tkt/indexcf93cf93.html]
[promopay.site/tkt/wp-json/oembed/1.0/embedd9b0d9b0.html]
[promopay.site/tkt/wp-json/oembed/1.0/embeddcbfdcbf.html]
[promopay.site/tkt/tiktok6/js/wp-emoji-release.min.js]
[promopay.site/tkt/tiktok6/images/eiconsa7eb.svg]
[promopay.site/tkt/tiktok7/css/style.mindeae.css]
[promopay.site/tkt/tiktok7/css/theme.mindeae.css]
[promopay.site/tkt/tiktok7/css/header-footer.mindeae.css]
[promopay.site/tkt/tiktok7/css/frontend.min7ac2.css]
[promopay.site/tkt/tiktok7/css/post-53830.css]
[promopay.site/tkt/tiktok7/css/elementor-icons.min705c.css]
[promopay.site/tkt/tiktok7/css/widget-counter.min7ac2.css]
[promopay.site/tkt/tiktok7/css/widget-heading.min7ac2.css]
[promopay.site/tkt/tiktok7/css/widget-divider.min7ac2.css]
[promopay.site/tkt/tiktok7/css/widget-progress.min7ac2.css]
[promopay.site/tkt/tiktok7/css/widget-text-editor.min7ac2.css]
[promopay.site/tkt/tiktok7/css/post-97787af.css]
[promopay.site/tkt/tiktok7/css/general.min42c6.css]
[promopay.site/tkt/tiktok7/js/jquery.minf43b.js]
[promopay.site/tkt/tiktok7/js/jquery-migrate.min5589.js]
[promopay.site/tkt/wp-json/wp/v2/pages/977.json]
[promopay.site/tkt/index86c586c5.html]
[promopay.site/tkt/wp-json/oembed/1.0/embeda6a8a6a8.json]
[promopay.site/tkt/wp-json/oembed/1.0/embed8e8f8e8f]
[promopay.site/tkt/tiktok7/images/cropped-622e383d-a968-4ce6-8efa-0d2d91fc9977-gif-tiktok-e1735776294167-32x32.webp]
[promopay.site/tkt/tiktok7/images/cropped-622e383d-a968-4ce6-8efa-0d2d91fc9977-gif-tiktok-e1735776294167-192x192.webp]
[promopay.site/tkt/tiktok7/images/cropped-622e383d-a968-4ce6-8efa-0d2d91fc9977-gif-tiktok-e1735776294167-180x180.webp]
[promopay.site/tkt/tiktok7/js/wp-emoji-release.min.js]
[promopay.site/tkt/tiktok8/index.html]
[promopay.site/tkt/tiktok7/js/hello-frontend.mindeae.js]
[promopay.site/tkt/tiktok7/js/jquery-numerator.min3958.js]
[promopay.site/tkt/tiktok7/js/general.min42c6.js]
[promopay.site/tkt/tiktok7/js/webpack-pro.runtime.min9e35.js]
[promopay.site/tkt/tiktok7/js/webpack.runtime.min7ac2.js]
[promopay.site/tkt/tiktok7/js/frontend-modules.min7ac2.js]
[promopay.site/tkt/tiktok7/js/hooks.min4fdd.js]
[promopay.site/tkt/tiktok7/js/i18n.minc33c.js]
[promopay.site/tkt/tiktok7/js/frontend.min9e35.js]
[promopay.site/tkt/tiktok7/js/core.minb37e.js]
[promopay.site/tkt/tiktok7/js/frontend.min7ac2.js]
[promopay.site/tkt/tiktok7/index.html]
[promopay.site/tkt/tiktok6/js/hello-frontend.mindeae.js]
[promopay.site/tkt/tiktok6/js/jquery-numerator.min3958.js]
[promopay.site/tkt/tiktok7/js/elements-handlers.min9e35.js]
[promopay.site/tkt/tiktok6/e.167.delayed]
[promopay.site/tkt/tiktok6/js/general.min42c6.js]
[promopay.site/tkt/tiktok6/js/webpack-pro.runtime.min9e35.js]
[promopay.site/tkt/tiktok6/js/webpack.runtime.min7ac2.js]
[promopay.site/tkt/tiktok6/js/frontend-modules.min7ac2.js]
[promopay.site/tkt/tiktok6/js/hooks.min4fdd.js]
[promopay.site/tkt/tiktok6/js/i18n.minc33c.js]
[promopay.site/tkt/tiktok6/js/frontend.min9e35.js]
[promopay.site/tkt/tiktok6/js/core.minb37e.js]
[promopay.site/tkt/tiktok6/-negative.html]
[promopay.site/tkt/tiktok6/OPR/index.html]
[promopay.site/tkt/tiktok6/js/frontend.min7ac2.js]
[promopay.site/tkt/tiktok6/window.location.html]
[promopay.site/tkt/tiktok6/js/elements-handlers.min9e35.js]
[promopay.site/tkt/tiktok5/e.html]
[promopay.site/tkt/tiktok5/-negative.html]
[promopay.site/tkt/tiktok5/OPR/index.html]
[promopay.site/tkt/tiktok5/window.location.html]
[promopay.site/tkt/tiktok6/images/eiconsa7eb.svg]
[promopay.site/tkt/tiktok7/css/style.mindeae.css]
[promopay.site/tkt/tiktok7/css/theme.mindeae.css]
[promopay.site/tkt/tiktok7/css/header-footer.mindeae.css]
[promopay.site/tkt/tiktok7/css/frontend.min7ac2.css]
[promopay.site/tkt/tiktok7/css/post-53830.css]
[promopay.site/tkt/tiktok7/fonts/eiconsa7eb.woff2]
[promopay.site/tkt/tiktok7/fonts/eiconsa7eb.eot]
[promopay.site/tkt/tiktok7/fonts/eiconsa7eb.woff]
[promopay.site/tkt/tiktok7/css/elementor-icons.min705c.css]
[promopay.site/tkt/tiktok7/css/widget-counter.min7ac2.css]
[promopay.site/tkt/tiktok7/css/widget-heading.min7ac2.css]
[promopay.site/tkt/tiktok7/css/widget-divider.min7ac2.css]
[promopay.site/tkt/tiktok7/css/widget-progress.min7ac2.css]
[promopay.site/tkt/tiktok7/css/widget-text-editor.min7ac2.css]
[promopay.site/tkt/tiktok7/css/post-97787af.css]
[promopay.site/tkt/tiktok7/css/general.min42c6.css]
[promopay.site/tkt/tiktok7/js/jquery.minf43b.js]
[promopay.site/tkt/tiktok7/js/jquery-migrate.min5589.js]
[promopay.site/tkt/wp-json/wp/v2/pages/977.html]
[promopay.site/tkt/index86c586c5.html]
[promopay.site/tkt/wp-json/oembed/1.0/embeda6a8a6a8.html]
[promopay.site/tkt/wp-json/oembed/1.0/embed8e8f8e8f.html]
[promopay.site/tkt/tiktok7/js/wp-emoji-release.min.js]
[promopay.site/tkt/tiktok7/fonts/eiconsa7eb.ttf]
[promopay.site/tkt/tiktok7/images/eiconsa7eb.svg]
[promopay.site/tkt/tiktok8/css/style.mindeae.css]
[promopay.site/tkt/tiktok8/css/theme.mindeae.css]
[promopay.site/tkt/tiktok8/css/header-footer.mindeae.css]
[promopay.site/tkt/tiktok8/css/frontend.min7ac2.css]
[promopay.site/tkt/tiktok8/css/post-53830.css]
[promopay.site/tkt/tiktok8/css/elementor-icons.min705c.css]
[promopay.site/tkt/tiktok8/css/widget-counter.min7ac2.css]
[promopay.site/tkt/tiktok8/css/widget-heading.min7ac2.css]
[promopay.site/tkt/tiktok8/css/widget-divider.min7ac2.css]
[promopay.site/tkt/tiktok8/css/widget-progress.min7ac2.css]
[promopay.site/tkt/tiktok8/css/widget-text-editor.min7ac2.css]
[promopay.site/tkt/tiktok8/css/post-98248c4.css]
[promopay.site/tkt/tiktok8/css/general.min42c6.css]
[promopay.site/tkt/tiktok8/js/jquery.minf43b.js]
[promopay.site/tkt/tiktok8/js/jquery-migrate.min5589.js]
[promopay.site/tkt/wp-json/wp/v2/pages/982.json]
[promopay.site/tkt/index08490849.html]
[promopay.site/tkt/wp-json/oembed/1.0/embeda2f8a2f8.json]
[promopay.site/tkt/wp-json/oembed/1.0/embed5f235f23]
[promopay.site/tkt/tiktok8/images/cropped-622e383d-a968-4ce6-8efa-0d2d91fc9977-gif-tiktok-e1735776294167-32x32.webp]
[promopay.site/tkt/tiktok8/images/cropped-622e383d-a968-4ce6-8efa-0d2d91fc9977-gif-tiktok-e1735776294167-192x192.webp]
[promopay.site/tkt/tiktok8/images/cropped-622e383d-a968-4ce6-8efa-0d2d91fc9977-gif-tiktok-e1735776294167-180x180.webp]
[promopay.site/tkt/tiktok8/js/wp-emoji-release.min.js]
[promopay.site/tkt/tiktok9/index.html]
[promopay.site/tkt/tiktok8/js/hello-frontend.mindeae.js]
[promopay.site/tkt/tiktok8/js/jquery-numerator.min3958.js]
[promopay.site/tkt/tiktok8/js/webpack-pro.runtime.min9e35.js]
[promopay.site/tkt/tiktok8/js/general.min42c6.js]
[promopay.site/tkt/tiktok8/js/webpack.runtime.min7ac2.js]
[promopay.site/tkt/tiktok8/js/frontend-modules.min7ac2.js]
[promopay.site/tkt/tiktok8/js/hooks.min4fdd.js]
[promopay.site/tkt/tiktok8/js/i18n.minc33c.js]
[promopay.site/tkt/tiktok8/js/frontend.min9e35.js]
[promopay.site/tkt/tiktok8/js/core.minb37e.js]
[promopay.site/tkt/tiktok8/js/frontend.min7ac2.js]
[promopay.site/tkt/tiktok8/js/elements-handlers.min9e35.js]
[promopay.site/tkt/tiktok8/index.html]
[promopay.site/tkt/tiktok7/js/hello-frontend.mindeae.js]
[promopay.site/tkt/tiktok7/js/jquery-numerator.min3958.js]
[promopay.site/tkt/tiktok7/e.html]
[promopay.site/tkt/tiktok7/js/general.min42c6.js]
[promopay.site/tkt/tiktok7/js/webpack-pro.runtime.min9e35.js]
[promopay.site/tkt/tiktok7/js/webpack.runtime.min7ac2.js]
[promopay.site/tkt/tiktok7/js/frontend-modules.min7ac2.js]
[promopay.site/tkt/tiktok7/js/hooks.min4fdd.js]
[promopay.site/tkt/tiktok7/js/i18n.minc33c.js]
[promopay.site/tkt/tiktok7/js/frontend.min9e35.js]
[promopay.site/tkt/tiktok7/js/core.minb37e.js]
[promopay.site/tkt/tiktok7/-negative.html]
[promopay.site/tkt/tiktok7/OPR/index.html]
[promopay.site/tkt/tiktok7/js/frontend.min7ac2.js]
[promopay.site/tkt/tiktok7/window.location.html]
[promopay.site/tkt/tiktok7/js/elements-handlers.min9e35.js]
[promopay.site/tkt/tiktok6/e.html]
[promopay.site/tkt/tiktok6/-negative.html]
[promopay.site/tkt/tiktok6/OPR/index.html]
[promopay.site/tkt/tiktok6/window.location.html]
[promopay.site/tkt/tiktok7/images/eiconsa7eb.svg]
[promopay.site/tkt/tiktok8/css/style.mindeae.css]
[promopay.site/tkt/tiktok8/css/theme.mindeae.css]
[promopay.site/tkt/tiktok8/css/header-footer.mindeae.css]
[promopay.site/tkt/tiktok8/css/frontend.min7ac2.css]
[promopay.site/tkt/tiktok8/css/post-53830.css]
[promopay.site/tkt/tiktok8/fonts/eiconsa7eb.woff2]
[promopay.site/tkt/tiktok8/fonts/eiconsa7eb.eot]
[promopay.site/tkt/tiktok8/fonts/eiconsa7eb.woff]
[promopay.site/tkt/tiktok8/css/elementor-icons.min705c.css]
[promopay.site/tkt/tiktok8/css/widget-counter.min7ac2.css]
[promopay.site/tkt/tiktok8/css/widget-heading.min7ac2.css]
[promopay.site/tkt/tiktok8/css/widget-divider.min7ac2.css]
[promopay.site/tkt/tiktok8/css/widget-progress.min7ac2.css]
[promopay.site/tkt/tiktok8/css/widget-text-editor.min7ac2.css]
[promopay.site/tkt/tiktok8/css/post-98248c4.css]
[promopay.site/tkt/tiktok8/css/general.min42c6.css]
[promopay.site/tkt/tiktok8/js/jquery.minf43b.js]
[promopay.site/tkt/tiktok8/js/jquery-migrate.min5589.js]
[promopay.site/tkt/wp-json/wp/v2/pages/982.html]
[promopay.site/tkt/index08490849.html]
[promopay.site/tkt/wp-json/oembed/1.0/embeda2f8a2f8.html]
[promopay.site/tkt/wp-json/oembed/1.0/embed5f235f23.html]
[promopay.site/tkt/tiktok8/js/wp-emoji-release.min.js]
[promopay.site/tkt/tiktok8/images/eiconsa7eb.svg]
[promopay.site/tkt/tiktok9/css/style.mindeae.css]
[promopay.site/tkt/tiktok9/css/theme.mindeae.css]
[promopay.site/tkt/tiktok9/css/header-footer.mindeae.css]
[promopay.site/tkt/tiktok9/css/frontend.min7ac2.css]
[promopay.site/tkt/tiktok8/fonts/eiconsa7eb.ttf]
[promopay.site/tkt/tiktok9/css/post-53830.css]
[promopay.site/tkt/tiktok9/css/elementor-icons.min705c.css]
[promopay.site/tkt/tiktok9/css/widget-counter.min7ac2.css]
[promopay.site/tkt/tiktok9/css/widget-heading.min7ac2.css]
[promopay.site/tkt/tiktok9/css/widget-divider.min7ac2.css]
[promopay.site/tkt/tiktok9/css/widget-progress.min7ac2.css]
[promopay.site/tkt/tiktok9/css/widget-text-editor.min7ac2.css]
[promopay.site/tkt/tiktok9/css/post-9870b28.css]
[promopay.site/tkt/tiktok9/css/general.min42c6.css]
[promopay.site/tkt/tiktok9/js/jquery.minf43b.js]
[promopay.site/tkt/tiktok9/js/jquery-migrate.min5589.js]
[promopay.site/tkt/wp-json/wp/v2/pages/987.json]
[promopay.site/tkt/index3afd3afd.html]
[promopay.site/tkt/wp-json/oembed/1.0/embeda30ba30b.json]
[promopay.site/tkt/wp-json/oembed/1.0/embed9e7d9e7d]
[promopay.site/tkt/tiktok9/images/cropped-622e383d-a968-4ce6-8efa-0d2d91fc9977-gif-tiktok-e1735776294167-32x32.webp]
[promopay.site/tkt/tiktok9/images/cropped-622e383d-a968-4ce6-8efa-0d2d91fc9977-gif-tiktok-e1735776294167-192x192.webp]
[promopay.site/tkt/tiktok9/images/cropped-622e383d-a968-4ce6-8efa-0d2d91fc9977-gif-tiktok-e1735776294167-180x180.webp]
[promopay.site/tkt/tiktok9/js/wp-emoji-release.min.js]
[promopay.site/tkt/tiktok10/index.html]
[promopay.site/tkt/tiktok9/js/hello-frontend.mindeae.js]
[promopay.site/tkt/tiktok9/js/jquery-numerator.min3958.js]
[promopay.site/tkt/tiktok9/js/general.min42c6.js]
[promopay.site/tkt/tiktok9/js/webpack-pro.runtime.min9e35.js]
[promopay.site/tkt/tiktok9/js/webpack.runtime.min7ac2.js]
[promopay.site/tkt/tiktok9/js/frontend-modules.min7ac2.js]
[promopay.site/tkt/tiktok9/js/hooks.min4fdd.js]
[promopay.site/tkt/tiktok9/js/i18n.minc33c.js]
[promopay.site/tkt/tiktok9/js/frontend.min9e35.js]
[promopay.site/tkt/tiktok9/js/core.minb37e.js]
[promopay.site/tkt/tiktok9/js/frontend.min7ac2.js]
[promopay.site/tkt/tiktok9/js/elements-handlers.min9e35.js]
[promopay.site/tkt/tiktok9/index.html]
[promopay.site/tkt/tiktok8/js/hello-frontend.mindeae.js]
[promopay.site/tkt/tiktok8/js/jquery-numerator.min3958.js]
[promopay.site/tkt/tiktok8/e.html]
[promopay.site/tkt/tiktok8/js/general.min42c6.js]
[promopay.site/tkt/tiktok8/js/webpack-pro.runtime.min9e35.js]
[promopay.site/tkt/tiktok8/js/webpack.runtime.min7ac2.js]
[promopay.site/tkt/tiktok8/js/frontend-modules.min7ac2.js]
[promopay.site/tkt/tiktok8/js/hooks.min4fdd.js]
[promopay.site/tkt/tiktok8/js/i18n.minc33c.js]
[promopay.site/tkt/tiktok8/js/frontend.min9e35.js]
[promopay.site/tkt/tiktok8/js/core.minb37e.js]
[promopay.site/tkt/tiktok8/-negative.html]
[promopay.site/tkt/tiktok8/OPR/index.html]
[promopay.site/tkt/tiktok8/js/frontend.min7ac2.js]
[promopay.site/tkt/tiktok8/window.location.html]
[promopay.site/tkt/tiktok8/js/elements-handlers.min9e35.js]
[promopay.site/tkt/tiktok7/e.html]
[promopay.site/tkt/tiktok7/-negative.html]
[promopay.site/tkt/tiktok7/OPR/index.html]
[promopay.site/tkt/tiktok7/window.location.html]
[promopay.site/tkt/tiktok8/images/eiconsa7eb.svg]
[promopay.site/tkt/tiktok9/css/style.mindeae.css]
[promopay.site/tkt/tiktok9/css/theme.mindeae.css]
[promopay.site/tkt/tiktok9/css/header-footer.mindeae.css]
[promopay.site/tkt/tiktok9/css/frontend.min7ac2.css]
[promopay.site/tkt/tiktok9/css/post-53830.css]
[promopay.site/tkt/tiktok9/fonts/eiconsa7eb.eot]
[promopay.site/tkt/tiktok9/fonts/eiconsa7eb.woff2]
[promopay.site/tkt/tiktok9/fonts/eiconsa7eb.woff]
[promopay.site/tkt/tiktok9/css/elementor-icons.min705c.css]
[promopay.site/tkt/tiktok9/css/widget-counter.min7ac2.css]
[promopay.site/tkt/tiktok9/css/widget-heading.min7ac2.css]
[promopay.site/tkt/tiktok9/css/widget-divider.min7ac2.css]
[promopay.site/tkt/tiktok9/css/widget-progress.min7ac2.css]
[promopay.site/tkt/tiktok9/css/widget-text-editor.min7ac2.css]
[promopay.site/tkt/tiktok9/css/post-9870b28.css]
[promopay.site/tkt/tiktok9/css/general.min42c6.css]
[promopay.site/tkt/tiktok9/js/jquery.minf43b.js]
[promopay.site/tkt/tiktok9/js/jquery-migrate.min5589.js]
[promopay.site/tkt/wp-json/wp/v2/pages/987.html]
[promopay.site/tkt/index3afd3afd.html]
[promopay.site/tkt/wp-json/oembed/1.0/embeda30ba30b.html]
[promopay.site/tkt/wp-json/oembed/1.0/embed9e7d9e7d.html]
[promopay.site/tkt/tiktok9/js/wp-emoji-release.min.js]
[promopay.site/tkt/tiktok9/fonts/eiconsa7eb.ttf]
[promopay.site/tkt/tiktok9/images/eiconsa7eb.svg]
[promopay.site/tkt/tiktok10/css/style.mindeae.css]
[promopay.site/tkt/tiktok10/css/theme.mindeae.css]
[promopay.site/tkt/tiktok10/css/header-footer.mindeae.css]
[promopay.site/tkt/tiktok10/css/frontend.min7ac2.css]
[promopay.site/tkt/tiktok10/css/post-53830.css]
[promopay.site/tkt/tiktok10/css/elementor-icons.min705c.css]
[promopay.site/tkt/tiktok10/css/widget-counter.min7ac2.css]
[promopay.site/tkt/tiktok10/css/widget-heading.min7ac2.css]
[promopay.site/tkt/tiktok10/css/widget-divider.min7ac2.css]
[promopay.site/tkt/tiktok10/css/widget-progress.min7ac2.css]
[promopay.site/tkt/tiktok10/css/widget-text-editor.min7ac2.css]
[promopay.site/tkt/tiktok10/css/post-998cf37.css]
[promopay.site/tkt/tiktok10/css/general.min42c6.css]
[promopay.site/tkt/tiktok10/js/jquery.minf43b.js]
[promopay.site/tkt/tiktok10/js/jquery-migrate.min5589.js]
[promopay.site/tkt/wp-json/wp/v2/pages/998.json]
[promopay.site/tkt/indexefbfefbf.html]
[promopay.site/tkt/wp-json/oembed/1.0/embed83ba83ba.json]
[promopay.site/tkt/wp-json/oembed/1.0/embed40344034]
[promopay.site/tkt/tiktok10/images/cropped-622e383d-a968-4ce6-8efa-0d2d91fc9977-gif-tiktok-e1735776294167-32x32.webp]
[promopay.site/tkt/tiktok10/images/cropped-622e383d-a968-4ce6-8efa-0d2d91fc9977-gif-tiktok-e1735776294167-192x192.webp]
[promopay.site/tkt/tiktok10/images/cropped-622e383d-a968-4ce6-8efa-0d2d91fc9977-gif-tiktok-e1735776294167-180x180.webp]
[promopay.site/tkt/tiktok10/js/wp-emoji-release.min.js]
[promopay.site/tkt/tiktok11/index.html]
[promopay.site/tkt/tiktok10/js/hello-frontend.mindeae.js]
[promopay.site/tkt/tiktok10/js/jquery-numerator.min3958.js]
[promopay.site/tkt/tiktok10/js/general.min42c6.js]
[promopay.site/tkt/tiktok10/js/webpack-pro.runtime.min9e35.js]
[promopay.site/tkt/tiktok10/js/webpack.runtime.min7ac2.js]
[promopay.site/tkt/tiktok10/js/frontend-modules.min7ac2.js]
[promopay.site/tkt/tiktok10/js/hooks.min4fdd.js]
[promopay.site/tkt/tiktok10/js/i18n.minc33c.js]
[promopay.site/tkt/tiktok10/js/frontend.min9e35.js]
[promopay.site/tkt/tiktok10/js/frontend.min7ac2.js]
[promopay.site/tkt/tiktok10/js/core.minb37e.js]
[promopay.site/tkt/tiktok10/js/elements-handlers.min9e35.js]
[promopay.site/tkt/tiktok10/index.html]
[promopay.site/tkt/tiktok9/js/hello-frontend.mindeae.js]
[promopay.site/tkt/tiktok9/js/jquery-numerator.min3958.js]
[promopay.site/tkt/tiktok9/e.html]
[promopay.site/tkt/tiktok9/js/general.min42c6.js]
[promopay.site/tkt/tiktok9/js/webpack-pro.runtime.min9e35.js]
[promopay.site/tkt/tiktok9/js/webpack.runtime.min7ac2.js]
[promopay.site/tkt/tiktok9/js/frontend-modules.min7ac2.js]
[promopay.site/tkt/tiktok9/js/hooks.min4fdd.js]
[promopay.site/tkt/tiktok9/js/i18n.minc33c.js]
[promopay.site/tkt/tiktok9/js/frontend.min9e35.js]
[promopay.site/tkt/tiktok9/js/core.minb37e.js]
[promopay.site/tkt/tiktok9/-negative.html]
[promopay.site/tkt/tiktok9/OPR/index.html]
[promopay.site/tkt/tiktok9/js/frontend.min7ac2.js]
[promopay.site/tkt/tiktok9/window.location.html]
[promopay.site/tkt/tiktok9/js/elements-handlers.min9e35.js]
[promopay.site/tkt/tiktok8/e.html]
[promopay.site/tkt/tiktok8/-negative.html]
[promopay.site/tkt/tiktok8/OPR/index.html]
[promopay.site/tkt/tiktok8/window.location.html]
[promopay.site/tkt/tiktok9/images/eiconsa7eb.svg]
[promopay.site/tkt/tiktok10/css/style.mindeae.css]
[promopay.site/tkt/tiktok10/css/theme.mindeae.css]
[promopay.site/tkt/tiktok10/css/header-footer.mindeae.css]
[promopay.site/tkt/tiktok10/css/frontend.min7ac2.css]
[promopay.site/tkt/tiktok10/css/post-53830.css]
[promopay.site/tkt/tiktok10/fonts/eiconsa7eb.woff2]
[promopay.site/tkt/tiktok10/fonts/eiconsa7eb.eot]
[promopay.site/tkt/tiktok10/fonts/eiconsa7eb.woff]
[promopay.site/tkt/tiktok10/css/elementor-icons.min705c.css]
[promopay.site/tkt/tiktok10/css/widget-counter.min7ac2.css]
[promopay.site/tkt/tiktok10/css/widget-heading.min7ac2.css]
[promopay.site/tkt/tiktok10/css/widget-divider.min7ac2.css]
[promopay.site/tkt/tiktok10/css/widget-progress.min7ac2.css]
[promopay.site/tkt/tiktok10/css/widget-text-editor.min7ac2.css]
[promopay.site/tkt/tiktok10/css/post-998cf37.css]
[promopay.site/tkt/tiktok10/css/general.min42c6.css]
[promopay.site/tkt/tiktok10/js/jquery.minf43b.js]
[promopay.site/tkt/tiktok10/js/jquery-migrate.min5589.js]
[promopay.site/tkt/wp-json/wp/v2/pages/998.html]
[promopay.site/tkt/indexefbfefbf.html]
[promopay.site/tkt/wp-json/oembed/1.0/embed83ba83ba.html]
[promopay.site/tkt/wp-json/oembed/1.0/embed40344034.html]
[promopay.site/tkt/tiktok10/js/wp-emoji-release.min.js]
[promopay.site/tkt/tiktok10/fonts/eiconsa7eb.ttf]
[promopay.site/tkt/tiktok11/css/style.mindeae.css]
[promopay.site/tkt/tiktok11/css/theme.mindeae.css]
[promopay.site/tkt/tiktok11/css/header-footer.mindeae.css]
[promopay.site/tkt/tiktok10/images/eiconsa7eb.svg]
[promopay.site/tkt/tiktok11/css/frontend.min7ac2.css]
[promopay.site/tkt/tiktok11/css/post-53830.css]
[promopay.site/tkt/tiktok11/css/elementor-icons.min705c.css]
[promopay.site/tkt/tiktok11/css/widget-counter.min7ac2.css]
[promopay.site/tkt/tiktok11/css/widget-heading.min7ac2.css]
[promopay.site/tkt/tiktok11/css/widget-divider.min7ac2.css]
[promopay.site/tkt/tiktok11/css/widget-progress.min7ac2.css]
[promopay.site/tkt/tiktok11/css/widget-text-editor.min7ac2.css]
[promopay.site/tkt/tiktok11/css/post-1003e4c5.css]
[promopay.site/tkt/tiktok11/css/general.min42c6.css]
[promopay.site/tkt/tiktok11/js/jquery.minf43b.js]
[promopay.site/tkt/tiktok11/js/jquery-migrate.min5589.js]
[promopay.site/tkt/wp-json/wp/v2/pages/1003.json]
[promopay.site/tkt/index5a7f5a7f.html]
[promopay.site/tkt/wp-json/oembed/1.0/embed351b351b.json]
[promopay.site/tkt/wp-json/oembed/1.0/embed73087308]
[promopay.site/tkt/tiktok11/images/cropped-622e383d-a968-4ce6-8efa-0d2d91fc9977-gif-tiktok-e1735776294167-32x32.webp]
[promopay.site/tkt/tiktok11/images/cropped-622e383d-a968-4ce6-8efa-0d2d91fc9977-gif-tiktok-e1735776294167-192x192.webp]
[promopay.site/tkt/tiktok11/images/cropped-622e383d-a968-4ce6-8efa-0d2d91fc9977-gif-tiktok-e1735776294167-180x180.webp]
[promopay.site/tkt/tiktok11/js/wp-emoji-release.min.js]
[promopay.site/tkt/tiktokvsl/index.html]
[promopay.site/tkt/tiktok11/js/hello-frontend.mindeae.js]
[promopay.site/tkt/tiktok11/js/jquery-numerator.min3958.js]
[promopay.site/tkt/tiktok11/js/general.min42c6.js]
[promopay.site/tkt/tiktok11/js/webpack-pro.runtime.min9e35.js]
[promopay.site/tkt/tiktok11/js/webpack.runtime.min7ac2.js]
[promopay.site/tkt/tiktok11/js/frontend-modules.min7ac2.js]
[promopay.site/tkt/tiktok11/js/hooks.min4fdd.js]
[promopay.site/tkt/tiktok11/js/i18n.minc33c.js]
[promopay.site/tkt/tiktok11/js/frontend.min9e35.js]
[promopay.site/tkt/tiktok11/js/core.minb37e.js]
[promopay.site/tkt/tiktok11/js/frontend.min7ac2.js]
[promopay.site/tkt/tiktok11/js/elements-handlers.min9e35.js]
[promopay.site/tkt/tiktok11/index.html]
[promopay.site/tkt/tiktok10/js/hello-frontend.mindeae.js]
[promopay.site/tkt/tiktok10/js/jquery-numerator.min3958.js]
[promopay.site/tkt/tiktok10/e.html]
[promopay.site/tkt/tiktok10/js/general.min42c6.js]
[promopay.site/tkt/tiktok10/js/webpack-pro.runtime.min9e35.js]
[promopay.site/tkt/tiktok10/js/webpack.runtime.min7ac2.js]
[promopay.site/tkt/tiktok10/js/frontend-modules.min7ac2.js]
[promopay.site/tkt/tiktok10/js/hooks.min4fdd.js]
[promopay.site/tkt/tiktok10/js/i18n.minc33c.js]
[promopay.site/tkt/tiktok10/js/frontend.min9e35.js]
[promopay.site/tkt/tiktok10/js/core.minb37e.js]
[promopay.site/tkt/tiktok10/-negative.html]
[promopay.site/tkt/tiktok10/OPR/index.html]
[promopay.site/tkt/tiktok10/js/frontend.min7ac2.js]
[promopay.site/tkt/tiktok10/window.location.html]
[promopay.site/tkt/tiktok10/js/elements-handlers.min9e35.js]
[promopay.site/tkt/tiktok9/e.html]
[promopay.site/tkt/tiktok9/-negative.html]
[promopay.site/tkt/tiktok9/OPR/index.html]
[promopay.site/tkt/tiktok9/window.location.html]
[promopay.site/tkt/tiktok10/images/eiconsa7eb.svg]
[promopay.site/tkt/tiktok11/css/style.mindeae.css]
[promopay.site/tkt/tiktok11/css/theme.mindeae.css]
[promopay.site/tkt/tiktok11/css/header-footer.mindeae.css]
[promopay.site/tkt/tiktok11/css/frontend.min7ac2.css]
[promopay.site/tkt/tiktok11/css/post-53830.css]
[promopay.site/tkt/tiktok11/fonts/eiconsa7eb.eot]
[promopay.site/tkt/tiktok11/fonts/eiconsa7eb.woff2]
[promopay.site/tkt/tiktok11/fonts/eiconsa7eb.woff]
[promopay.site/tkt/tiktok11/css/elementor-icons.min705c.css]
[promopay.site/tkt/tiktok11/css/widget-counter.min7ac2.css]
[promopay.site/tkt/tiktok11/css/widget-heading.min7ac2.css]
[promopay.site/tkt/tiktok11/css/widget-divider.min7ac2.css]
[promopay.site/tkt/tiktok11/css/widget-progress.min7ac2.css]
[promopay.site/tkt/tiktok11/css/widget-text-editor.min7ac2.css]
[promopay.site/tkt/tiktok11/css/post-1003e4c5.css]
[promopay.site/tkt/tiktok11/css/general.min42c6.css]
[promopay.site/tkt/tiktok11/js/jquery.minf43b.js]
[promopay.site/tkt/tiktok11/js/jquery-migrate.min5589.js]
[promopay.site/tkt/wp-json/wp/v2/pages/1003.html]
[promopay.site/tkt/index5a7f5a7f.html]
[promopay.site/tkt/wp-json/oembed/1.0/embed351b351b.html]
[promopay.site/tkt/wp-json/oembed/1.0/embed73087308.html]
[promopay.site/tkt/tiktok11/js/wp-emoji-release.min.js]
[promopay.site/tkt/tiktok11/fonts/eiconsa7eb.ttf]
[promopay.site/tkt/tiktok11/images/eiconsa7eb.svg]
[promopay.site/tkt/tiktokvsl/css/style.css]
[promopay.site/tkt/tiktokvsl/css/frontend.min.css]
[promopay.site/tkt/tiktokvsl/css/post-5.css]
[promopay.site/tkt/tiktokvsl/css/widget-heading.min.css]
[promopay.site/tkt/tiktokvsl/css/widget-counter.min.css]
[promopay.site/tkt/tiktokvsl/css/widget-divider.min.css]
[promopay.site/tkt/tiktokvsl/css/widget-progress.min.css]
[promopay.site/tkt/tiktokvsl/css/widget-video.min.css]
[promopay.site/tkt/tiktokvsl/css/widget-text-editor.min.css]
[promopay.site/tkt/tiktokvsl/css/post-126.css]
[promopay.site/tkt/tiktokvsl/js/jquery.min.js]
[promopay.site/tkt/tiktokvsl/js/jquery-migrate.min.js]
[promopay.site/tkt/tiktokvsl/fonts/Manrope-VariableFont_wght.woff2]
[promopay.site/tkt/tiktokvsl/fonts/FiraCode-VariableFont_wght.woff2]
[promopay.site/tkt/tiktokvsl/js/wp-emoji-release.min.js]
[scripts.converteai.net/lib/js/smartplayer/v1/smartplayer.min.js]
[images.converteai.net/f7764a7f-6d4c-44a5-97df-00631cf55f3c/players/678268e65a17fcddc0020108/thumbnail.jpg]
[images.converteai.net/7d2e3b17-5213-4273-8637-a017b81c26de/players/6799293f0756a398438ed15d/thumbnail.jpg]
[scripts.converteai.net/7d2e3b17-5213-4273-8637-a017b81c26de/players/6799293f0756a398438ed15d/player.js]
[promopay.site/tkt/tiktokvsl/js/jquery-numerator.min.js]
[promopay.site/tkt/tiktokvsl/js/webpack-pro.runtime.min.js]
[promopay.site/tkt/tiktoksaque/index.html]
[promopay.site/tkt/tiktokvsl/js/webpack.runtime.min.js]
[promopay.site/tkt/tiktokvsl/js/frontend-modules.min.js]
[promopay.site/tkt/tiktokvsl/js/hooks.min.js]
[promopay.site/tkt/tiktokvsl/js/i18n.min.js]
[promopay.site/tkt/tiktokvsl/js/frontend.min.js]
[promopay.site/tkt/tiktokvsl/js/core.min.js]
[promopay.site/tkt/tiktokvsl/js/frontend.min_1.js]
[promopay.site/tkt/tiktokvsl/js/elements-handlers.min.js]
[promopay.site/tkt/tiktokvsl/index.html]
[promopay.site/tkt/tiktok11/js/hello-frontend.mindeae.js]
[promopay.site/tkt/tiktok11/js/jquery-numerator.min3958.js]
[promopay.site/tkt/tiktok11/e.html]
[promopay.site/tkt/tiktok11/js/general.min42c6.js]
[promopay.site/tkt/tiktok11/js/webpack-pro.runtime.min9e35.js]
[promopay.site/tkt/tiktok11/js/webpack.runtime.min7ac2.js]
[promopay.site/tkt/tiktok11/js/frontend-modules.min7ac2.js]
[promopay.site/tkt/tiktok11/js/hooks.min4fdd.js]
[promopay.site/tkt/tiktok11/js/i18n.minc33c.js]
[promopay.site/tkt/tiktok11/js/frontend.min9e35.js]
[promopay.site/tkt/tiktok11/js/core.minb37e.js]
[promopay.site/tkt/tiktok11/-negative.html]
[promopay.site/tkt/tiktok11/OPR/index.html]
[promopay.site/tkt/tiktok11/js/frontend.min7ac2.js]
[promopay.site/tkt/tiktok11/window.location.html]
[promopay.site/tkt/tiktok11/js/elements-handlers.min9e35.js]
[promopay.site/tkt/tiktok10/e.html]
[promopay.site/tkt/tiktok10/-negative.html]
[promopay.site/tkt/tiktok10/OPR/index.html]
[promopay.site/tkt/tiktok10/window.location.html]
[promopay.site/tkt/tiktok11/images/eiconsa7eb.svg]
[promopay.site/tkt/tiktokvsl/css/style.css]
[promopay.site/tkt/tiktokvsl/css/frontend.min.css]
[promopay.site/tkt/tiktokvsl/css/post-5.css]
[promopay.site/tkt/tiktokvsl/css/widget-heading.min.css]
[promopay.site/tkt/tiktokvsl/css/widget-counter.min.css]
[promopay.site/tkt/tiktokvsl/css/widget-divider.min.css]
[promopay.site/tkt/tiktokvsl/css/widget-progress.min.css]
[promopay.site/tkt/tiktokvsl/css/widget-video.min.css]
[promopay.site/tkt/tiktokvsl/css/widget-text-editor.min.css]
[promopay.site/tkt/tiktokvsl/css/post-126.css]
[promopay.site/tkt/tiktokvsl/js/jquery.min.js]
[promopay.site/tkt/tiktokvsl/js/jquery-migrate.min.js]
[promopay.site/tkt/tiktokvsl/js/wp-emoji-release.min.js]
[scripts.converteai.net/f7764a7f-6d4c-44a5-97df-00631cf55f3c/players/678268e65a17fcddc0020108/player.js]
[promopay.site/tkt/tiktoksaque/css/style.css]
[promopay.site/tkt/tiktoksaque/css/frontend.min.css]
[promopay.site/tkt/tiktoksaque/css/post-5.css]
[promopay.site/tkt/tiktoksaque/css/widget-heading.min.css]
[promopay.site/tkt/tiktoksaque/css/widget-counter.min.css]
[promopay.site/tkt/tiktoksaque/css/widget-divider.min.css]
[promopay.site/tkt/tiktoksaque/css/widget-form.min.css]
[promopay.site/tkt/tiktoksaque/css/widget-text-editor.min.css]
[promopay.site/tkt/tiktoksaque/css/post-139.css]
[promopay.site/tkt/tiktoksaque/js/jquery.min.js]
[promopay.site/tkt/tiktoksaque/js/jquery-migrate.min.js]
[promopay.site/tkt/tiktoksaque/fonts/Manrope-VariableFont_wght.woff2]
[promopay.site/tkt/tiktoksaque/fonts/FiraCode-VariableFont_wght.woff2]
[promopay.site/tkt/tiktoksaque/js/wp-emoji-release.min.js]
[promopay.site/tkt/tiktoksaque/images/Simbolo-TikTok.png]
[promopay.site/tkt/tiktoksaque/images/Convite-SVG.svg]
[promopay.site/tkt/tiktoksaque/js/jquery-numerator.min.js]
[promopay.site/tkt/cadastro/index.html]
[promopay.site/tkt/tiktoksaque/js/webpack-pro.runtime.min.js]
[promopay.site/tkt/tiktoksaque/js/webpack.runtime.min.js]
[promopay.site/tkt/tiktoksaque/js/frontend-modules.min.js]
[promopay.site/tkt/tiktoksaque/js/hooks.min.js]
[promopay.site/tkt/tiktoksaque/js/frontend.min.js]
[promopay.site/tkt/tiktoksaque/js/i18n.min.js]
[promopay.site/tkt/tiktoksaque/js/core.min.js]
[promopay.site/tkt/tiktoksaque/js/frontend.min_1.js]
[promopay.site/tkt/tiktoksaque/js/elements-handlers.min.js]
[promopay.site/tkt/tiktoksaque/index.html]
[promopay.site/tkt/tiktokvsl/js/jquery-numerator.min.js]
[promopay.site/tkt/tiktokvsl/js/webpack-pro.runtime.min.js]
[promopay.site/tkt/tiktokvsl/js/webpack.runtime.min.js]
[promopay.site/tkt/tiktokvsl/js/frontend-modules.min.js]
[promopay.site/tkt/tiktokvsl/js/hooks.min.js]
[promopay.site/tkt/tiktokvsl/js/i18n.min.js]
[promopay.site/tkt/tiktokvsl/js/frontend.min.js]
[promopay.site/tkt/tiktokvsl/js/core.min.js]
[promopay.site/tkt/tiktokvsl/-negative.svg]
[promopay.site/tkt/tiktokvsl/js/frontend.min_1.js]
[promopay.site/tkt/tiktokvsl/OPR/index.html]
[promopay.site/tkt/tiktokvsl/window.location.href]
[promopay.site/tkt/tiktokvsl/js/elements-handlers.min.js]
[promopay.site/tkt/tiktok11/e.html]
[promopay.site/tkt/tiktok11/-negative.html]
[promopay.site/tkt/tiktok11/OPR/index.html]
[promopay.site/tkt/tiktok11/window.location.html]
[promopay.site/tkt/tiktoksaque/css/style.css]
[promopay.site/tkt/tiktoksaque/css/frontend.min.css]
[promopay.site/tkt/tiktoksaque/css/post-5.css]
[promopay.site/tkt/tiktoksaque/css/widget-heading.min.css]
[promopay.site/tkt/tiktoksaque/css/widget-image.min.css]
[promopay.site/tkt/tiktoksaque/css/widget-counter.min.css]
[promopay.site/tkt/tiktoksaque/css/widget-divider.min.css]
[promopay.site/tkt/tiktoksaque/css/widget-form.min.css]
[promopay.site/tkt/tiktoksaque/css/widget-text-editor.min.css]
[promopay.site/tkt/tiktoksaque/css/post-139.css]
[promopay.site/tkt/tiktoksaque/js/jquery.min.js]
[promopay.site/tkt/tiktoksaque/js/jquery-migrate.min.js]
[promopay.site/tkt/tiktoksaque/js/wp-emoji-release.min.js]
[promopay.site/tkt/tiktoksaque/images/Convite-SVG.svg]
[promopay.site/tkt/cadastro/js/fbevents.js]
[promopay.site/tkt/feed/index-11.htm]
[promopay.site/tkt/comments/feed/index-11.htm]
[promopay.site/tkt/cadastro/css/style.min.css]
[promopay.site/tkt/cadastro/css/theme.min.css]
[promopay.site/tkt/cadastro/css/header-footer.min.css]
[promopay.site/tkt/cadastro/css/frontend.min.css]
[promopay.site/tkt/cadastro/css/post-5.css]
[promopay.site/tkt/cadastro/css/widget-heading.min.css]
[promopay.site/tkt/cadastro/css/widget-counter.min.css]
[promopay.site/tkt/cadastro/css/swiper.min.css]
[promopay.site/tkt/cadastro/css/e-swiper.min.css]
[promopay.site/tkt/cadastro/css/frontend.min_1.css]
[promopay.site/tkt/cadastro/css/global.css]
[promopay.site/tkt/cadastro/css/widget-icon-list.min.css]
[promopay.site/tkt/cadastro/css/widget-divider.min.css]
[promopay.site/tkt/cadastro/css/post-316.css]
[promopay.site/tkt/cadastro/css/post-824.css]
[promopay.site/tkt/cadastro/css/post-292.css]
[promopay.site/tkt/cadastro/css/post-285.css]
[promopay.site/tkt/cadastro/css/post-280.css]
[promopay.site/tkt/cadastro/css/post-277.css]
[promopay.site/tkt/cadastro/css/post-274.css]
[promopay.site/tkt/cadastro/css/post-271.css]
[promopay.site/tkt/cadastro/css/post-268.css]
[promopay.site/tkt/cadastro/css/post-265.css]
[promopay.site/tkt/cadastro/css/post-262.css]
[promopay.site/tkt/cadastro/css/post-259.css]
[promopay.site/tkt/cadastro/css/post-256.css]
[promopay.site/tkt/cadastro/css/post-253.css]
[promopay.site/tkt/cadastro/css-11.html]
[promopay.site/tkt/cadastro/js/jquery-migrate.min.js]
[promopay.site/tkt/wp-json/index-11.htm]
[promopay.site/tkt/xmlrpc-110db0.php]
[promopay.site/tkt/cadastro/js/jquery.min.js]
[promopay.site/tkt/cadastro/images/tiktok-logo-150x150.jpg]
[promopay.site/tkt/cadastro/images/tiktok-logo-300x300.jpg]
[promopay.site/tkt/cadastro/js/wp-emoji-release.min.js]
[promopay.site/tkt/cadastro/js/wp-emoji-release.min_1.js]
[promopay.site/tkt/cadastro/js/wp-emoji-release.min_2.js]
[promopay.site/tkt/cadastro/js/wp-emoji-release.min_3.js]
[promopay.site/tkt/cadastro/js/wp-emoji-release.min_4.js]
[promopay.site/tkt/cadastro/js/wp-emoji-release.min_5.js]
[promopay.site/tkt/cadastro/images/tiktoklogo.svg]
[promopay.site/tkt/cadastro/images/Frame-123as.svg]
[promopay.site/tkt/cadastro/images/warning.png]
[promopay.site/tkt/cadastro/images/Featured-icona.svg]
[promopay.site/tkt/cadastro/images/Frame-116A.svg]
[promopay.site/tkt/cadastro/images/Frame-115.svg]
[promopay.site/tkt/cadastro/js/hello-frontend.min.js]
[promopay.site/tkt/cadastro/js/jquery-numerator.min.js]
[promopay.site/tkt/cadastro/js/jquery.sticky.min.js]
[promopay.site/tkt/cadastro/js/webpack-pro.runtime.min.js]
[promopay.site/tkt/cadastro/js/webpack.runtime.min.js]
[promopay.site/tkt/cadastro/js/frontend-modules.min.js]
[promopay.site/tkt/cadastro/js/hooks.min.js]
[promopay.site/tkt/cadastro/js/i18n.min.js]
[promopay.site/tkt/cadastro/disable-devtool.html]
[promopay.site/tkt/cadastro/js/frontend.min_1.js]
[promopay.site/tkt/cadastro/js/core.min.js]
[promopay.site/tkt/cadastro/js/frontend.min.js]
[promopay.site/tkt/cadastro/js/elements-handlers.min.js]
[promopay.site/tkt/cadastro/index.html]
[promopay.site/tkt/tiktoksaque/js/jquery-numerator.min.js]
[promopay.site/tkt/tiktoksaque/js/webpack-pro.runtime.min.js]
[promopay.site/tkt/tiktoksaque/js/webpack.runtime.min.js]
[promopay.site/tkt/tiktoksaque/js/frontend-modules.min.js]
[promopay.site/tkt/tiktoksaque/js/hooks.min.js]
[promopay.site/tkt/tiktoksaque/js/i18n.min.js]
[promopay.site/tkt/tiktoksaque/js/frontend.min.js]
[promopay.site/tkt/tiktoksaque/js/core.min.js]
[promopay.site/tkt/tiktoksaque/-negative.svg]
[promopay.site/tkt/tiktoksaque/js/frontend.min_1.js]
[promopay.site/tkt/tiktoksaque/OPR/index.html]
[promopay.site/tkt/tiktoksaque/window.location.2a5.delayed]
[promopay.site/tkt/tiktoksaque/js/elements-handlers.min.js]
[promopay.site/tkt/tiktokvsl/-negative.html]
[promopay.site/tkt/tiktokvsl/OPR/index.html]
[promopay.site/tkt/tiktokvsl/window.location.html]
[promopay.site/tkt/cadastro/a]
[promopay.site/tkt/cadastro/POST]
[promopay.site/tkt/cadastro/b.resolvedLink]
[promopay.site/tkt/cadastro/js/fbevents.js]
[promopay.site/tkt/feed/index-11.html]
[promopay.site/tkt/comments/feed/index-11.html]
[promopay.site/tkt/cadastro/css/style.min.css]
[promopay.site/tkt/cadastro/css/theme.min.css]
[promopay.site/tkt/cadastro/css/header-footer.min.css]
[promopay.site/tkt/cadastro/css/frontend.min.css]
[promopay.site/tkt/cadastro/css/post-5.css]
[promopay.site/tkt/cadastro/css/widget-image.min.css]
[promopay.site/tkt/cadastro/css/widget-heading.min.css]
[promopay.site/tkt/cadastro/css/widget-counter.min.css]
[promopay.site/tkt/cadastro/css/swiper.min.css]
[promopay.site/tkt/cadastro/css/e-swiper.min.css]
[promopay.site/tkt/cadastro/css/frontend.min_1.css]
[promopay.site/tkt/cadastro/css/global.css]
[promopay.site/tkt/cadastro/css/widget-icon-list.min.css]
[promopay.site/tkt/cadastro/css/widget-divider.min.css]
[promopay.site/tkt/cadastro/css/post-316.css]
[promopay.site/tkt/cadastro/css/post-824.css]
[promopay.site/tkt/cadastro/schema.org/index.html]
[promopay.site/tkt/cadastro/css/post-292.css]
[promopay.site/tkt/cadastro/css/post-285.css]
[promopay.site/tkt/cadastro/css/post-280.css]
[promopay.site/tkt/cadastro/css/post-277.css]
[promopay.site/tkt/cadastro/css/post-274.css]
[promopay.site/tkt/cadastro/css/post-271.css]
[promopay.site/tkt/cadastro/css/post-268.css]
[promopay.site/tkt/cadastro/css/post-265.css]
[promopay.site/tkt/cadastro/css/post-262.css]
[promopay.site/tkt/cadastro/css/post-259.css]
[promopay.site/tkt/cadastro/css/post-256.css]
[promopay.site/tkt/cadastro/css/post-253.css]
[promopay.site/tkt/cadastro/css/style.css]
[promopay.site/tkt/cadastro/css/bootstrap.min.css]
[promopay.site/tkt/cadastro/images/something-lost.png]
[promopay.site/tkt/cadastro/css-11.html]
[promopay.site/tkt/cadastro/js/jquery.min.js]
[promopay.site/tkt/cadastro/js/jquery-migrate.min.js]
[promopay.site/tkt/wp-json/index-11.html]
[promopay.site/tkt/xmlrpc-110db0.html]
[promopay.site/tkt/cadastro/js/wp-emoji-release.min.js]
[promopay.site/tkt/cadastro/js/wp-emoji-release.min_1.js]
[promopay.site/tkt/cadastro/js/wp-emoji-release.min_2.js]
[promopay.site/tkt/cadastro/js/wp-emoji-release.min_3.js]
[promopay.site/tkt/cadastro/js/wp-emoji-release.min_4.js]
[promopay.site/tkt/cadastro/js/wp-emoji-release.min_5.js]
[promopay.site/tkt/cadastro/images/tiktoklogo.svg]
[promopay.site/tkt/cadastro/images/Frame-123as.svg]
[promopay.site/tkt/cadastro/images/warning.html]
[promopay.site/tkt/cadastro/images/Featured-icona.svg]
[promopay.site/tkt/cadastro/images/Frame-116A.svg]
[promopay.site/tkt/cadastro/images/Frame-115.svg]
[promopay.site/tkt/cadastro/js/hello-frontend.min.js]
[promopay.site/tkt/cadastro/js/jquery-numerator.min.js]
[promopay.site/tkt/cadastro/js/jquery.sticky.min.js]
[promopay.site/tkt/cadastro/js/webpack-pro.runtime.min.js]
[promopay.site/tkt/cadastro/js/webpack.runtime.min.js]
[promopay.site/tkt/cadastro/js/frontend-modules.min.js]
[promopay.site/tkt/cadastro/js/hooks.min.js]
[promopay.site/tkt/cadastro/js/i18n.min.js]
[promopay.site/tkt/cadastro/disable-devtool.html]
[promopay.site/tkt/cadastro/-negative.svg]
[promopay.site/tkt/cadastro/js/frontend.min_1.js]
[promopay.site/tkt/cadastro/js/core.min.js]
[promopay.site/tkt/cadastro/js/frontend.min.js]
[promopay.site/tkt/cadastro/OPR/index.html]
[promopay.site/tkt/cadastro/window.location.href]
[promopay.site/tkt/cadastro/js/elements-handlers.min.js]
[promopay.site/tkt/tiktoksaque/-negative.html]
[promopay.site/tkt/tiktoksaque/OPR/index.html]
[promopay.site/tkt/tiktoksaque/window.location.html]
[promopay.site/tkt/cadastro/a.html]
[promopay.site/tkt/cadastro/POST.html]
[promopay.site/tkt/cadastro/schema.org/index.html]
[promopay.site/tkt/cadastro/b.html]
[promopay.site/tkt/cadastro/css/style.css]
[promopay.site/tkt/cadastro/fonts/glyphicons-halflings-regular.eot]
[promopay.site/tkt/cadastro/fonts/glyphicons-halflings-regular.woff2]
[promopay.site/tkt/cadastro/fonts/glyphicons-halflings-regular.woff]
[promopay.site/tkt/cadastro/fonts/glyphicons-halflings-regular.ttf]
[promopay.site/tkt/cadastro/css/bootstrap.min.css]
[promopay.site/tkt/cadastro/images/glyphicons-halflings-regular.svg]
[promopay.site/tkt/cadastro/css-14.html]
[promopay.site/tkt/cadastro/-negative.html]
[promopay.site/tkt/cadastro/OPR/index.html]
[promopay.site/tkt/cadastro/window.location.html]
[promopay.site/tkt/cadastro/images/glyphicons-halflings-regular.svg]
[www.google-analytics.com/analytics.js]
